// Jest Snapshot v1, https://goo.gl/fbAQLP

exports[`renders ImageItem.js correctly 1`] = `
<div>
  <img
    alt=""
    className="image"
  />
  <div />
</div>
`;
